src/keystatic.config.ts(14,30): error TS2339: Property 'string' does not exist on type 'typeof import("D:/SELF_Projects/Portfolio/node_modules/@keystatic/core/dist/declarations/src/form/fields/index")'.
src/keystatic.config.ts(15,33): error TS2339: Property 'string' does not exist on type 'typeof import("D:/SELF_Projects/Portfolio/node_modules/@keystatic/core/dist/declarations/src/form/fields/index")'.
src/keystatic.config.ts(16,32): error TS2339: Property 'string' does not exist on type 'typeof import("D:/SELF_Projects/Portfolio/node_modules/@keystatic/core/dist/declarations/src/form/fields/index")'.
src/keystatic.config.ts(26,32): error TS2339: Property 'string' does not exist on type 'typeof import("D:/SELF_Projects/Portfolio/node_modules/@keystatic/core/dist/declarations/src/form/fields/index")'.
src/keystatic.config.ts(27,37): error TS2339: Property 'string' does not exist on type 'typeof import("D:/SELF_Projects/Portfolio/node_modules/@keystatic/core/dist/declarations/src/form/fields/index")'.
src/keystatic.config.ts(28,32): error TS2339: Property 'string' does not exist on type 'typeof import("D:/SELF_Projects/Portfolio/node_modules/@keystatic/core/dist/declarations/src/form/fields/index")'.
src/keystatic.config.ts(29,34): error TS2339: Property 'string' does not exist on type 'typeof import("D:/SELF_Projects/Portfolio/node_modules/@keystatic/core/dist/declarations/src/form/fields/index")'.
src/keystatic.config.ts(39,31): error TS2339: Property 'string' does not exist on type 'typeof import("D:/SELF_Projects/Portfolio/node_modules/@keystatic/core/dist/declarations/src/form/fields/index")'.
src/keystatic.config.ts(40,34): error TS2339: Property 'string' does not exist on type 'typeof import("D:/SELF_Projects/Portfolio/node_modules/@keystatic/core/dist/declarations/src/form/fields/index")'.
src/keystatic.config.ts(41,30): error TS2339: Property 'string' does not exist on type 'typeof import("D:/SELF_Projects/Portfolio/node_modules/@keystatic/core/dist/declarations/src/form/fields/index")'.
src/keystatic.config.ts(77,30): error TS2339: Property 'string' does not exist on type 'typeof import("D:/SELF_Projects/Portfolio/node_modules/@keystatic/core/dist/declarations/src/form/fields/index")'.
src/keystatic.config.ts(78,34): error TS2339: Property 'string' does not exist on type 'typeof import("D:/SELF_Projects/Portfolio/node_modules/@keystatic/core/dist/declarations/src/form/fields/index")'.
src/keystatic.config.ts(79,34): error TS2339: Property 'string' does not exist on type 'typeof import("D:/SELF_Projects/Portfolio/node_modules/@keystatic/core/dist/declarations/src/form/fields/index")'.
src/keystatic.config.ts(85,36): error TS2339: Property 'string' does not exist on type 'typeof import("D:/SELF_Projects/Portfolio/node_modules/@keystatic/core/dist/declarations/src/form/fields/index")'.
src/keystatic.config.ts(104,30): error TS2339: Property 'string' does not exist on type 'typeof import("D:/SELF_Projects/Portfolio/node_modules/@keystatic/core/dist/declarations/src/form/fields/index")'.
src/keystatic.config.ts(105,30): error TS2339: Property 'string' does not exist on type 'typeof import("D:/SELF_Projects/Portfolio/node_modules/@keystatic/core/dist/declarations/src/form/fields/index")'.
src/keystatic.config.ts(109,38): error TS2339: Property 'string' does not exist on type 'typeof import("D:/SELF_Projects/Portfolio/node_modules/@keystatic/core/dist/declarations/src/form/fields/index")'.
src/keystatic.config.ts(110,38): error TS2339: Property 'string' does not exist on type 'typeof import("D:/SELF_Projects/Portfolio/node_modules/@keystatic/core/dist/declarations/src/form/fields/index")'.
src/keystatic.config.ts(111,38): error TS2339: Property 'string' does not exist on type 'typeof import("D:/SELF_Projects/Portfolio/node_modules/@keystatic/core/dist/declarations/src/form/fields/index")'.
src/keystatic.config.ts(112,39): error TS2339: Property 'string' does not exist on type 'typeof import("D:/SELF_Projects/Portfolio/node_modules/@keystatic/core/dist/declarations/src/form/fields/index")'.
src/keystatic.config.ts(113,39): error TS2339: Property 'string' does not exist on type 'typeof import("D:/SELF_Projects/Portfolio/node_modules/@keystatic/core/dist/declarations/src/form/fields/index")'.
